---
source: tests/diagnostics.rs
expression: "text::render(&report)"
---
warning[contract-partial]: not fully verified — 200: `$ref` into another file (`shared/common.yaml#/components/schemas/Payment`), which ingest does not read in `GET /payments/{id}`
  --> api/openapi.yaml:11:11
   |
11 |           description: The payment.
   |           ^^^^^^^^^^^ here
   |
   = note: contract: `payments`
help: A compared path contains a construct brake cannot model.
      
      run `brake explain contract-partial` for the full rationale

warning[contract-partial]: not fully verified — response `200`: `$ref` into another file (`shared/common.yaml#/components/schemas/Payment`), which ingest does not read in `GET /payments/{id}`
  --> api/openapi.yaml:11:11
   |
11 |           description: The payment.
   |           ^^^^^^^^^^^ here
   |
   = note: contract: `payments`
help: A compared path contains a construct brake cannot model.
      
      run `brake explain contract-partial` for the full rationale
