---
source: tests/diagnostics.rs
expression: "text::render(&report)"
---
warning[contract-partial]: not fully verified — 200: `$ref` into another file (`shared/common.yaml#/components/schemas/Payment`), which ingest does not read in `GET /payments/{id}`
  --> api/openapi.yaml:11:11
   |
11 |           description: The payment.
   |           ^^^^^^^^^^^ here
   |
   = note: contract: `payments`
help: The comparison happened, but not over the whole payload — so the result is 'not fully verified', never 'clean'. A tool that silently ignores what it cannot parse is worse than no tool, because it manufactures confidence. The finding names the construct and its JSON pointer so you can decide whether the unverified part matters.
      
      run `brake explain contract-partial` for the full rationale

warning[contract-partial]: not fully verified — response `200`: `$ref` into another file (`shared/common.yaml#/components/schemas/Payment`), which ingest does not read in `GET /payments/{id}`
  --> api/openapi.yaml:11:11
   |
11 |           description: The payment.
   |           ^^^^^^^^^^^ here
   |
   = note: contract: `payments`
help: The comparison happened, but not over the whole payload — so the result is 'not fully verified', never 'clean'. A tool that silently ignores what it cannot parse is worse than no tool, because it manufactures confidence. The finding names the construct and its JSON pointer so you can decide whether the unverified part matters.
      
      run `brake explain contract-partial` for the full rationale
